
Circular            33554432           0 Microsoft-Windows-Kernel-WHEA/Errors         


